converting counts to integer mode
  Note: levels of factors in the design contain characters other than
  letters, numbers, '_' and '.'. It is recommended (but not required) to use
  only letters, numbers, and delimiters '_' or '.', as these are safe characters
  for column names in R. [This is a message, not a warning or an error]
estimating size factors
  Note: levels of factors in the design contain characters other than
  letters, numbers, '_' and '.'. It is recommended (but not required) to use
  only letters, numbers, and delimiters '_' or '.', as these are safe characters
  for column names in R. [This is a message, not a warning or an error]
estimating dispersions
gene-wise dispersion estimates
mean-dispersion relationship
  Note: levels of factors in the design contain characters other than
  letters, numbers, '_' and '.'. It is recommended (but not required) to use
  only letters, numbers, and delimiters '_' or '.', as these are safe characters
  for column names in R. [This is a message, not a warning or an error]
final dispersion estimates
fitting model and testing
           used  (Mb) gc trigger  (Mb) max used  (Mb)
Ncells  6672104 356.4   12289901 656.4 12289901 656.4
Vcells 13106876 100.0   22705647 173.3 18854706 143.9
 