Running enrichment and hub analysis for file: results/meta/PCOS__Skeletal_muscle.meta.tsv
Number of genes selected for enrichment & PPI network: 52
'select()' returned 1:1 mapping between keys and columns
Warning message:
In bitr(sig_genes, fromType = "SYMBOL", toType = "ENTREZID", OrgDb = "org.Hs.eg.db") :
  5.77% of input gene IDs are fail to map...
Reading KEGG annotation online: "https://rest.kegg.jp/link/hsa/pathway"...
Warning messages:
1: In (function (con = stdin(), n = -1L, ok = TRUE, warn = TRUE, encoding = "unknown",  :
  URL 'https://rest.kegg.jp/link/hsa/pathway': Timeout of 60 seconds was reached
2: In value[[3L]](cond) : enrichKEGG failed: cannot read from connection
Saved enrichment results to: results/enrich/PCOS__Skeletal_muscle.enrich.tsv
trying URL 'https://stringdb-downloads.org/download/protein.aliases.v11.5/9606.protein.aliases.v11.5.txt.gz'
Content type 'application/octet-stream' length 21726816 bytes (20.7 MB)
==================================================
downloaded 20.7 MB

trying URL 'https://stringdb-downloads.org/download/protein.info.v11.5/9606.protein.info.v11.5.txt.gz'
Content type 'application/octet-stream' length 1901833 bytes (1.8 MB)
==================================================
downloaded 1.8 MB

Warning:  we couldn't map to STRING 75% of your identifierstrying URL 'https://stringdb-downloads.org/download/stream/protein.links.v11.5/9606.protein.links.v11.5.min400.txt.gz'
downloaded 1.6 MB

Warning messages:
1: In download.file(urlStr, temp) :
  URL 'https://stringdb-downloads.org/download/stream/protein.links.v11.5/9606.protein.links.v11.5.min400.txt.gz': Timeout of 60 seconds was reached
2: In value[[3L]](cond) :
  STRINGdb analysis failed or skipped (e.g. offline/network issue): download from 'https://stringdb-downloads.org/download/stream/protein.links.v11.5/9606.protein.links.v11.5.min400.txt.gz' failed
Saved PPI hubs to: results/enrich/PCOS__Skeletal_muscle.hubs.tsv
           used  (Mb) gc trigger   (Mb)  max used   (Mb)
Ncells  8277032 442.1   19607520 1047.2  22371107 1194.8
Vcells 53421187 407.6  134608114 1027.0 134510289 1026.3
 