Loading meta-analysis signatures from results/meta...
Found 1247 standard significant genes (padj < 0.05 & |log2FC| > 1).
Final gene count for machine learning panel: 1247
Loading and processing dataset: GSE34526 (Microarray)...
Loading and processing dataset: GSE199225 (RNA-seq)...
Loading and processing dataset: GSE6364 (Microarray)...
Loading and processing dataset: GSE40007 (Microarray)...
Loading and processing dataset: GSE47360 (Microarray)...
Loading and processing dataset: GSE56854 (Microarray)...
Loading and processing dataset: GSE75425 (Microarray)...
Loading and processing dataset: GSE102293 (Microarray)...
Loading and processing dataset: GSE106724 (Microarray)...
Loading and processing dataset: GSE114419 (Microarray)...
Loading and processing dataset: GSE137684 (Microarray)...
Loading and processing dataset: GSE6798 (Microarray)...
Loading and processing dataset: GSE8157 (Microarray)...
Loading and processing dataset: GSE316028 (RNA-seq)...
Loading and processing dataset: GSE44207 (Microarray)...
Loading and processing dataset: GSE51981 (Microarray)...
Loading and processing dataset: GSE286315 (RNA-seq)...
Loading and processing dataset: GSE207000 (RNA-seq)...
Loading and processing dataset: GSE262302 (RNA-seq)...
Running Leave-One-Dataset-Out CV across 19 datasets...
Fold: GSE102293 AUROC: 0.8750
Fold: GSE106724 AUROC: 0.5000
Fold: GSE114419 AUROC: 0.5000
Fold: GSE137684 AUROC: 0.3125
Fold: GSE199225 AUROC: 0.5750
Fold: GSE207000 AUROC: 0.9444
Fold: GSE262302 AUROC: 0.5000
Fold: GSE286315 AUROC: 0.4444
Fold: GSE316028 AUROC: 1.0000
Fold: GSE34526 AUROC: 0.1667
Fold: GSE40007 AUROC: 0.5000
Fold: GSE44207 AUROC: 0.5000
Fold: GSE47360 AUROC: 0.6944
Fold: GSE51981 AUROC: 0.6889
Fold: GSE56854 AUROC: 0.5000
Fold: GSE6364 AUROC: 0.3824
Fold: GSE6798 AUROC: 0.8462
Fold: GSE75425 AUROC: 0.8750
Fold: GSE8157 AUROC: 0.9846
Mean Cross-Validation AUROC: 0.6205
Fitting final model on all data...
ML report written successfully to results/ml/panel_report.tsv
 